current directory: /home/runner/work/awbw/awbw/vendor/bundle/ruby/4.0.0/gems/bcrypt-3.1.16/ext/mri
/opt/hostedtoolcache/Ruby/4.0.1/x64/bin/ruby extconf.rb
creating Makefile

current directory: /home/runner/work/awbw/awbw/vendor/bundle/ruby/4.0.0/gems/bcrypt-3.1.16/ext/mri
make -j4 DESTDIR\= sitearchdir\=./.gem.20260121-2179-nr5vc4 sitelibdir\=./.gem.20260121-2179-nr5vc4 clean

current directory: /home/runner/work/awbw/awbw/vendor/bundle/ruby/4.0.0/gems/bcrypt-3.1.16/ext/mri
make -j4 DESTDIR\= sitearchdir\=./.gem.20260121-2179-nr5vc4 sitelibdir\=./.gem.20260121-2179-nr5vc4
compiling bcrypt_ext.c
gcc  -D__SKIP_GNU -DENABLE_PATH_CHECK=0    -c -o x86.o x86.S
compiling crypt_blowfish.c
compiling crypt_gensalt.c
compiling wrapper.c
wrapper.c:182:60: warning: ‘struct crypt_data’ declared inside parameter list will not be visible outside of this definition or declaration
  182 | char *crypt_r(const char *key, const char *setting, struct crypt_data *data)
      |                                                            ^~~~~~~~~~
cc1: note: unrecognized command-line option ‘-Wno-self-assign’ may have been intended to silence earlier diagnostics
cc1: note: unrecognized command-line option ‘-Wno-parentheses-equality’ may have been intended to silence earlier diagnostics
cc1: note: unrecognized command-line option ‘-Wno-constant-logical-operand’ may have been intended to silence earlier diagnostics
bcrypt_ext.c: In function ‘Init_bcrypt_ext’:
bcrypt_ext.c:56:6: warning: old-style function definition [-Wold-style-definition]
   56 | void Init_bcrypt_ext(){
      |      ^~~~~~~~~~~~~~~
At top level:
cc1: note: unrecognized command-line option ‘-Wno-self-assign’ may have been intended to silence earlier diagnostics
cc1: note: unrecognized command-line option ‘-Wno-parentheses-equality’ may have been intended to silence earlier diagnostics
cc1: note: unrecognized command-line option ‘-Wno-constant-logical-operand’ may have been intended to silence earlier diagnostics
linking shared-object bcrypt_ext.so

current directory: /home/runner/work/awbw/awbw/vendor/bundle/ruby/4.0.0/gems/bcrypt-3.1.16/ext/mri
make -j4 DESTDIR\= sitearchdir\=./.gem.20260121-2179-nr5vc4 sitelibdir\=./.gem.20260121-2179-nr5vc4 install
/usr/bin/install -c -m 0755 bcrypt_ext.so ./.gem.20260121-2179-nr5vc4

current directory: /home/runner/work/awbw/awbw/vendor/bundle/ruby/4.0.0/gems/bcrypt-3.1.16/ext/mri
make DESTDIR\= sitearchdir\=./.gem.20260121-2179-nr5vc4 sitelibdir\=./.gem.20260121-2179-nr5vc4 clean
