current directory: /home/runner/work/awbw/awbw/vendor/bundle/ruby/3.3.0/gems/puma-5.6.9/ext/puma_http11
/opt/hostedtoolcache/Ruby/3.3.8/x64/bin/ruby extconf.rb
checking for pkg-config for openssl... [" ", "", "-lssl -lcrypto"]
using OpenSSL pkgconfig (openssl.pc)
checking for openssl/bio.h... yes
checking for DTLS_method() in openssl/ssl.h... yes
checking for TLS_server_method() in openssl/ssl.h... yes
checking for SSL_CTX_set_min_proto_version(NULL, 0) in openssl/ssl.h... yes
checking for X509_STORE_up_ref()... yes
checking for SSL_CTX_set_ecdh_auto(NULL, 0) in openssl/ssl.h... yes
checking for SSL_CTX_set_dh_auto(NULL, 0) in openssl/ssl.h... yes
checking for SSL_get1_peer_certificate() in openssl/ssl.h... yes
checking for Random.bytes... yes
creating Makefile

current directory: /home/runner/work/awbw/awbw/vendor/bundle/ruby/3.3.0/gems/puma-5.6.9/ext/puma_http11
make DESTDIR\= sitearchdir\=./.gem.20250912-2083-eus7k8 sitelibdir\=./.gem.20250912-2083-eus7k8 clean

current directory: /home/runner/work/awbw/awbw/vendor/bundle/ruby/3.3.0/gems/puma-5.6.9/ext/puma_http11
make DESTDIR\= sitearchdir\=./.gem.20250912-2083-eus7k8 sitelibdir\=./.gem.20250912-2083-eus7k8
compiling http11_parser.c
compiling mini_ssl.c
compiling puma_http11.c
linking shared-object puma/puma_http11.so

current directory: /home/runner/work/awbw/awbw/vendor/bundle/ruby/3.3.0/gems/puma-5.6.9/ext/puma_http11
make DESTDIR\= sitearchdir\=./.gem.20250912-2083-eus7k8 sitelibdir\=./.gem.20250912-2083-eus7k8 install
/usr/bin/install -c -m 0755 puma_http11.so ./.gem.20250912-2083-eus7k8/puma

current directory: /home/runner/work/awbw/awbw/vendor/bundle/ruby/3.3.0/gems/puma-5.6.9/ext/puma_http11
make DESTDIR\= sitearchdir\=./.gem.20250912-2083-eus7k8 sitelibdir\=./.gem.20250912-2083-eus7k8 clean
