current directory: /home/runner/work/awbw/awbw/vendor/bundle/ruby/3.3.0/gems/psych-5.3.1/ext/psych
/opt/hostedtoolcache/Ruby/3.3.8/x64/bin/ruby extconf.rb
checking for pkg-config for yaml-0.1... [" ", "", "-lyaml"]
creating Makefile

current directory: /home/runner/work/awbw/awbw/vendor/bundle/ruby/3.3.0/gems/psych-5.3.1/ext/psych
make DESTDIR\= sitearchdir\=./.gem.20260112-2152-7x5phg sitelibdir\=./.gem.20260112-2152-7x5phg clean
cd libyaml && make clean
/bin/sh: 1: cd: can't cd to libyaml
make: [Makefile:283: clean-so] Error 2 (ignored)

current directory: /home/runner/work/awbw/awbw/vendor/bundle/ruby/3.3.0/gems/psych-5.3.1/ext/psych
make DESTDIR\= sitearchdir\=./.gem.20260112-2152-7x5phg sitelibdir\=./.gem.20260112-2152-7x5phg
compiling psych.c
compiling psych_emitter.c
compiling psych_parser.c
compiling psych_to_ruby.c
compiling psych_yaml_tree.c
linking shared-object psych.so

current directory: /home/runner/work/awbw/awbw/vendor/bundle/ruby/3.3.0/gems/psych-5.3.1/ext/psych
make DESTDIR\= sitearchdir\=./.gem.20260112-2152-7x5phg sitelibdir\=./.gem.20260112-2152-7x5phg install
/usr/bin/install -c -m 0755 psych.so ./.gem.20260112-2152-7x5phg

current directory: /home/runner/work/awbw/awbw/vendor/bundle/ruby/3.3.0/gems/psych-5.3.1/ext/psych
make DESTDIR\= sitearchdir\=./.gem.20260112-2152-7x5phg sitelibdir\=./.gem.20260112-2152-7x5phg clean
cd libyaml && make clean
/bin/sh: 1: cd: can't cd to libyaml
make: [Makefile:283: clean-so] Error 2 (ignored)
