current directory: /home/runner/work/awbw/awbw/vendor/bundle/ruby/4.0.0/gems/trilogy-2.9.0/ext/trilogy-ruby
/opt/hostedtoolcache/Ruby/4.0.1/x64/bin/ruby extconf.rb
checking for CRYPTO_malloc() in -lcrypto... yes
checking for SSL_new() in -lssl... yes
checking for rb_interned_str() in ruby.h... yes
creating Makefile

current directory: /home/runner/work/awbw/awbw/vendor/bundle/ruby/4.0.0/gems/trilogy-2.9.0/ext/trilogy-ruby
make -j4 DESTDIR\= sitearchdir\=./.gem.20260121-2725-ep7m1g sitelibdir\=./.gem.20260121-2725-ep7m1g clean

current directory: /home/runner/work/awbw/awbw/vendor/bundle/ruby/4.0.0/gems/trilogy-2.9.0/ext/trilogy-ruby
make -j4 DESTDIR\= sitearchdir\=./.gem.20260121-2725-ep7m1g sitelibdir\=./.gem.20260121-2725-ep7m1g
compiling trilogy.c
compiling cast.c
compiling cext.c
cext.c: In function ‘handle_trilogy_error’:
cext.c:116:5: warning: function ‘handle_trilogy_error’ might be a candidate for ‘gnu_printf’ format attribute [-Wsuggest-attribute=format]
  116 |     VALUE rbmsg = rb_vsprintf(msg, args);
      |     ^~~~~
At top level:
cc1: note: unrecognized command-line option ‘-Wno-self-assign’ may have been intended to silence earlier diagnostics
cc1: note: unrecognized command-line option ‘-Wno-parentheses-equality’ may have been intended to silence earlier diagnostics
cc1: note: unrecognized command-line option ‘-Wno-constant-logical-operand’ may have been intended to silence earlier diagnostics
linking shared-object trilogy/cext.so

current directory: /home/runner/work/awbw/awbw/vendor/bundle/ruby/4.0.0/gems/trilogy-2.9.0/ext/trilogy-ruby
make -j4 DESTDIR\= sitearchdir\=./.gem.20260121-2725-ep7m1g sitelibdir\=./.gem.20260121-2725-ep7m1g install
/usr/bin/install -c -m 0755 cext.so ./.gem.20260121-2725-ep7m1g/trilogy

current directory: /home/runner/work/awbw/awbw/vendor/bundle/ruby/4.0.0/gems/trilogy-2.9.0/ext/trilogy-ruby
make DESTDIR\= sitearchdir\=./.gem.20260121-2725-ep7m1g sitelibdir\=./.gem.20260121-2725-ep7m1g clean
